mode: set
github.com/your-overtime/api/v2/main.go:32.13,42.51 6 0
github.com/your-overtime/api/v2/main.go:42.51,44.3 1 0
github.com/your-overtime/api/v2/main.go:44.8,46.3 1 0
github.com/your-overtime/api/v2/main.go:47.2,47.30 1 0
github.com/your-overtime/api/v2/main.go:47.30,49.17 2 0
github.com/your-overtime/api/v2/main.go:49.17,50.14 1 0
github.com/your-overtime/api/v2/main.go:52.3,52.19 1 0
github.com/your-overtime/api/v2/main.go:55.2,61.16 2 0
github.com/your-overtime/api/v2/main.go:61.16,62.13 1 0
github.com/your-overtime/api/v2/main.go:65.2,67.30 3 0
github.com/your-overtime/api/v2/api/account.go:20.42,22.16 2 1
github.com/your-overtime/api/v2/api/account.go:22.16,26.3 3 0
github.com/your-overtime/api/v2/api/account.go:26.8,28.17 2 1
github.com/your-overtime/api/v2/api/account.go:28.17,32.4 3 0
github.com/your-overtime/api/v2/api/account.go:33.3,33.30 1 1
github.com/your-overtime/api/v2/api/account.go:47.45,49.16 2 1
github.com/your-overtime/api/v2/api/account.go:49.16,53.3 3 0
github.com/your-overtime/api/v2/api/account.go:54.2,56.16 3 1
github.com/your-overtime/api/v2/api/account.go:56.16,59.3 2 0
github.com/your-overtime/api/v2/api/account.go:60.2,62.16 3 1
github.com/your-overtime/api/v2/api/account.go:62.16,64.44 2 0
github.com/your-overtime/api/v2/api/account.go:64.44,66.4 1 0
github.com/your-overtime/api/v2/api/account.go:66.9,68.4 1 0
github.com/your-overtime/api/v2/api/account.go:69.8,71.3 1 1
github.com/your-overtime/api/v2/api/activity.go:21.44,23.16 2 0
github.com/your-overtime/api/v2/api/activity.go:23.16,27.3 3 0
github.com/your-overtime/api/v2/api/activity.go:28.2,29.53 2 0
github.com/your-overtime/api/v2/api/activity.go:29.53,31.3 1 0
github.com/your-overtime/api/v2/api/activity.go:31.8,31.23 1 0
github.com/your-overtime/api/v2/api/activity.go:31.23,34.3 2 0
github.com/your-overtime/api/v2/api/activity.go:34.8,36.3 1 0
github.com/your-overtime/api/v2/api/activity.go:49.46,56.16 3 1
github.com/your-overtime/api/v2/api/activity.go:56.16,60.3 3 0
github.com/your-overtime/api/v2/api/activity.go:61.2,63.16 3 1
github.com/your-overtime/api/v2/api/activity.go:63.16,67.3 3 0
github.com/your-overtime/api/v2/api/activity.go:69.2,69.21 1 1
github.com/your-overtime/api/v2/api/activity.go:69.21,71.3 1 1
github.com/your-overtime/api/v2/api/activity.go:71.8,82.3 3 0
github.com/your-overtime/api/v2/api/activity.go:83.2,83.46 1 1
github.com/your-overtime/api/v2/api/activity.go:83.46,85.3 1 1
github.com/your-overtime/api/v2/api/activity.go:85.8,85.23 1 1
github.com/your-overtime/api/v2/api/activity.go:85.23,88.3 2 0
github.com/your-overtime/api/v2/api/activity.go:88.8,90.3 1 1
github.com/your-overtime/api/v2/api/activity.go:104.46,106.16 2 0
github.com/your-overtime/api/v2/api/activity.go:106.16,110.3 3 0
github.com/your-overtime/api/v2/api/activity.go:111.2,114.16 4 0
github.com/your-overtime/api/v2/api/activity.go:114.16,118.3 3 0
github.com/your-overtime/api/v2/api/activity.go:119.2,128.46 3 0
github.com/your-overtime/api/v2/api/activity.go:128.46,130.3 1 0
github.com/your-overtime/api/v2/api/activity.go:130.8,130.23 1 0
github.com/your-overtime/api/v2/api/activity.go:130.23,133.3 2 0
github.com/your-overtime/api/v2/api/activity.go:133.8,135.3 1 0
github.com/your-overtime/api/v2/api/activity.go:147.43,149.16 2 0
github.com/your-overtime/api/v2/api/activity.go:149.16,153.3 3 0
github.com/your-overtime/api/v2/api/activity.go:154.2,156.16 3 0
github.com/your-overtime/api/v2/api/activity.go:156.16,159.3 2 0
github.com/your-overtime/api/v2/api/activity.go:159.8,161.3 1 0
github.com/your-overtime/api/v2/api/activity.go:174.45,176.16 2 0
github.com/your-overtime/api/v2/api/activity.go:176.16,180.3 3 0
github.com/your-overtime/api/v2/api/activity.go:181.2,182.16 2 0
github.com/your-overtime/api/v2/api/activity.go:182.16,186.3 3 0
github.com/your-overtime/api/v2/api/activity.go:187.2,188.16 2 0
github.com/your-overtime/api/v2/api/activity.go:188.16,192.3 3 0
github.com/your-overtime/api/v2/api/activity.go:193.2,194.16 2 0
github.com/your-overtime/api/v2/api/activity.go:194.16,197.3 2 0
github.com/your-overtime/api/v2/api/activity.go:197.8,199.3 1 0
github.com/your-overtime/api/v2/api/activity.go:211.46,213.16 2 0
github.com/your-overtime/api/v2/api/activity.go:213.16,217.3 3 0
github.com/your-overtime/api/v2/api/activity.go:218.2,220.16 3 0
github.com/your-overtime/api/v2/api/activity.go:220.16,223.3 2 0
github.com/your-overtime/api/v2/api/activity.go:223.8,225.3 1 0
github.com/your-overtime/api/v2/api/api.go:25.43,26.30 1 1
github.com/your-overtime/api/v2/api/api.go:26.30,29.28 3 0
github.com/your-overtime/api/v2/api/api.go:29.28,31.4 1 0
github.com/your-overtime/api/v2/api/api.go:35.97,42.20 4 1
github.com/your-overtime/api/v2/api/api.go:42.20,45.3 2 1
github.com/your-overtime/api/v2/api/api.go:45.8,47.32 2 1
github.com/your-overtime/api/v2/api/api.go:47.32,48.47 1 1
github.com/your-overtime/api/v2/api/api.go:49.17,51.26 2 0
github.com/your-overtime/api/v2/api/api.go:51.26,54.6 2 0
github.com/your-overtime/api/v2/api/api.go:55.5,56.28 2 0
github.com/your-overtime/api/v2/api/api.go:56.28,59.6 2 0
github.com/your-overtime/api/v2/api/api.go:60.5,61.21 2 0
github.com/your-overtime/api/v2/api/api.go:62.12,64.57 2 1
github.com/your-overtime/api/v2/api/api.go:70.2,70.31 1 1
github.com/your-overtime/api/v2/api/api.go:70.31,71.15 1 1
github.com/your-overtime/api/v2/api/api.go:71.15,73.4 1 0
github.com/your-overtime/api/v2/api/api.go:74.3,74.53 1 1
github.com/your-overtime/api/v2/api/api.go:77.2,77.33 1 0
github.com/your-overtime/api/v2/api/api.go:80.33,124.2 26 1
github.com/your-overtime/api/v2/api/api.go:124.2,126.3 1 1
github.com/your-overtime/api/v2/api/api.go:129.2,130.41 2 1
github.com/your-overtime/api/v2/api/api.go:134.64,140.2 1 1
github.com/your-overtime/api/v2/api/api.go:142.33,144.27 2 0
github.com/your-overtime/api/v2/api/holiday.go:26.45,28.16 2 0
github.com/your-overtime/api/v2/api/holiday.go:28.16,32.3 3 0
github.com/your-overtime/api/v2/api/holiday.go:33.2,35.16 3 0
github.com/your-overtime/api/v2/api/holiday.go:35.16,39.3 3 0
github.com/your-overtime/api/v2/api/holiday.go:40.2,51.16 4 0
github.com/your-overtime/api/v2/api/holiday.go:51.16,54.3 2 0
github.com/your-overtime/api/v2/api/holiday.go:54.8,56.3 1 0
github.com/your-overtime/api/v2/api/holiday.go:70.45,72.16 2 0
github.com/your-overtime/api/v2/api/holiday.go:72.16,76.3 3 0
github.com/your-overtime/api/v2/api/holiday.go:77.2,80.16 4 0
github.com/your-overtime/api/v2/api/holiday.go:80.16,84.3 3 0
github.com/your-overtime/api/v2/api/holiday.go:85.2,97.16 4 0
github.com/your-overtime/api/v2/api/holiday.go:97.16,100.3 2 0
github.com/your-overtime/api/v2/api/holiday.go:100.8,102.3 1 0
github.com/your-overtime/api/v2/api/holiday.go:114.42,116.16 2 0
github.com/your-overtime/api/v2/api/holiday.go:116.16,120.3 3 0
github.com/your-overtime/api/v2/api/holiday.go:121.2,124.37 3 0
github.com/your-overtime/api/v2/api/holiday.go:124.37,126.3 1 0
github.com/your-overtime/api/v2/api/holiday.go:126.8,126.23 1 0
github.com/your-overtime/api/v2/api/holiday.go:126.23,129.3 2 0
github.com/your-overtime/api/v2/api/holiday.go:129.8,131.3 1 0
github.com/your-overtime/api/v2/api/holiday.go:144.43,146.16 2 0
github.com/your-overtime/api/v2/api/holiday.go:146.16,150.3 3 0
github.com/your-overtime/api/v2/api/holiday.go:151.2,152.16 2 0
github.com/your-overtime/api/v2/api/holiday.go:152.16,156.3 3 0
github.com/your-overtime/api/v2/api/holiday.go:157.2,158.16 2 0
github.com/your-overtime/api/v2/api/holiday.go:158.16,162.3 3 0
github.com/your-overtime/api/v2/api/holiday.go:163.2,165.22 3 0
github.com/your-overtime/api/v2/api/holiday.go:165.22,167.17 2 0
github.com/your-overtime/api/v2/api/holiday.go:167.17,171.4 3 0
github.com/your-overtime/api/v2/api/holiday.go:172.3,172.51 1 0
github.com/your-overtime/api/v2/api/holiday.go:173.8,175.3 1 0
github.com/your-overtime/api/v2/api/holiday.go:176.2,176.16 1 0
github.com/your-overtime/api/v2/api/holiday.go:176.16,179.3 2 0
github.com/your-overtime/api/v2/api/holiday.go:179.8,181.3 1 0
github.com/your-overtime/api/v2/api/holiday.go:193.45,196.16 2 0
github.com/your-overtime/api/v2/api/holiday.go:196.16,200.3 3 0
github.com/your-overtime/api/v2/api/holiday.go:201.2,203.16 3 0
github.com/your-overtime/api/v2/api/holiday.go:203.16,206.3 2 0
github.com/your-overtime/api/v2/api/holiday.go:206.8,208.3 1 0
github.com/your-overtime/api/v2/api/ical.go:23.46,25.16 2 0
github.com/your-overtime/api/v2/api/ical.go:25.16,27.3 1 0
github.com/your-overtime/api/v2/api/ical.go:29.2,35.31 3 0
github.com/your-overtime/api/v2/api/ical.go:35.31,37.17 2 0
github.com/your-overtime/api/v2/api/ical.go:37.17,41.4 3 0
github.com/your-overtime/api/v2/api/ical.go:42.8,44.3 1 0
github.com/your-overtime/api/v2/api/ical.go:46.2,46.29 1 0
github.com/your-overtime/api/v2/api/ical.go:46.29,48.17 2 0
github.com/your-overtime/api/v2/api/ical.go:48.17,52.4 3 0
github.com/your-overtime/api/v2/api/ical.go:53.8,55.3 1 0
github.com/your-overtime/api/v2/api/ical.go:57.2,58.16 2 0
github.com/your-overtime/api/v2/api/ical.go:58.16,60.3 1 0
github.com/your-overtime/api/v2/api/ical.go:61.2,64.32 4 0
github.com/your-overtime/api/v2/api/ical.go:64.32,67.17 3 0
github.com/your-overtime/api/v2/api/ical.go:67.17,69.4 1 0
github.com/your-overtime/api/v2/api/ical.go:70.3,75.55 6 0
github.com/your-overtime/api/v2/api/ical.go:77.2,78.16 2 0
github.com/your-overtime/api/v2/api/ical.go:78.16,80.3 1 0
github.com/your-overtime/api/v2/api/ical.go:93.44,95.16 2 0
github.com/your-overtime/api/v2/api/ical.go:95.16,97.3 1 0
github.com/your-overtime/api/v2/api/ical.go:99.2,105.31 3 0
github.com/your-overtime/api/v2/api/ical.go:105.31,107.17 2 0
github.com/your-overtime/api/v2/api/ical.go:107.17,111.4 3 0
github.com/your-overtime/api/v2/api/ical.go:112.8,114.3 1 0
github.com/your-overtime/api/v2/api/ical.go:116.2,116.29 1 0
github.com/your-overtime/api/v2/api/ical.go:116.29,118.17 2 0
github.com/your-overtime/api/v2/api/ical.go:118.17,122.4 3 0
github.com/your-overtime/api/v2/api/ical.go:123.8,125.3 1 0
github.com/your-overtime/api/v2/api/ical.go:127.2,128.16 2 0
github.com/your-overtime/api/v2/api/ical.go:128.16,130.3 1 0
github.com/your-overtime/api/v2/api/ical.go:131.2,134.29 4 0
github.com/your-overtime/api/v2/api/ical.go:134.29,142.3 7 0
github.com/your-overtime/api/v2/api/ical.go:143.2,144.16 2 0
github.com/your-overtime/api/v2/api/ical.go:144.16,146.3 1 0
github.com/your-overtime/api/v2/api/overview.go:20.43,22.16 2 0
github.com/your-overtime/api/v2/api/overview.go:22.16,26.3 3 0
github.com/your-overtime/api/v2/api/overview.go:28.2,30.23 3 0
github.com/your-overtime/api/v2/api/overview.go:30.23,32.3 1 0
github.com/your-overtime/api/v2/api/overview.go:32.8,34.17 2 0
github.com/your-overtime/api/v2/api/overview.go:34.17,38.4 3 0
github.com/your-overtime/api/v2/api/overview.go:41.2,42.16 2 0
github.com/your-overtime/api/v2/api/overview.go:42.16,45.3 2 0
github.com/your-overtime/api/v2/api/overview.go:45.8,47.3 1 0
github.com/your-overtime/api/v2/api/token.go:20.41,22.16 2 0
github.com/your-overtime/api/v2/api/token.go:22.16,26.3 3 0
github.com/your-overtime/api/v2/api/token.go:28.2,29.16 2 0
github.com/your-overtime/api/v2/api/token.go:29.16,32.3 2 0
github.com/your-overtime/api/v2/api/token.go:32.8,34.3 1 0
github.com/your-overtime/api/v2/api/token.go:47.43,49.16 2 0
github.com/your-overtime/api/v2/api/token.go:49.16,53.3 3 0
github.com/your-overtime/api/v2/api/token.go:54.2,56.16 3 0
github.com/your-overtime/api/v2/api/token.go:56.16,59.3 2 0
github.com/your-overtime/api/v2/api/token.go:60.2,61.16 2 0
github.com/your-overtime/api/v2/api/token.go:61.16,64.3 2 0
github.com/your-overtime/api/v2/api/token.go:64.8,66.3 1 0
github.com/your-overtime/api/v2/api/token.go:78.43,80.16 2 0
github.com/your-overtime/api/v2/api/token.go:80.16,84.3 3 0
github.com/your-overtime/api/v2/api/token.go:85.2,87.16 3 0
github.com/your-overtime/api/v2/api/token.go:87.16,90.3 2 0
github.com/your-overtime/api/v2/api/token.go:90.8,92.3 1 0
github.com/your-overtime/api/v2/api/user.go:20.42,23.16 3 0
github.com/your-overtime/api/v2/api/user.go:23.16,27.3 3 0
github.com/your-overtime/api/v2/api/user.go:28.2,30.16 3 0
github.com/your-overtime/api/v2/api/user.go:30.16,33.3 2 0
github.com/your-overtime/api/v2/api/user.go:33.8,35.3 1 0
github.com/your-overtime/api/v2/api/webhook.go:21.45,23.16 2 0
github.com/your-overtime/api/v2/api/webhook.go:23.16,27.3 3 0
github.com/your-overtime/api/v2/api/webhook.go:28.2,29.38 2 0
github.com/your-overtime/api/v2/api/webhook.go:29.38,32.3 2 0
github.com/your-overtime/api/v2/api/webhook.go:33.2,34.16 2 0
github.com/your-overtime/api/v2/api/webhook.go:34.16,38.3 3 0
github.com/your-overtime/api/v2/api/webhook.go:39.2,39.35 1 0
github.com/your-overtime/api/v2/api/webhook.go:51.43,53.16 2 0
github.com/your-overtime/api/v2/api/webhook.go:53.16,56.3 2 0
github.com/your-overtime/api/v2/api/webhook.go:57.2,58.16 2 0
github.com/your-overtime/api/v2/api/webhook.go:58.16,61.3 2 0
github.com/your-overtime/api/v2/api/webhook.go:62.2,62.30 1 0
github.com/your-overtime/api/v2/api/workday.go:22.43,24.16 2 0
github.com/your-overtime/api/v2/api/workday.go:24.16,28.3 3 0
github.com/your-overtime/api/v2/api/workday.go:29.2,30.16 2 0
github.com/your-overtime/api/v2/api/workday.go:30.16,34.3 3 0
github.com/your-overtime/api/v2/api/workday.go:35.2,36.16 2 0
github.com/your-overtime/api/v2/api/workday.go:36.16,40.3 3 0
github.com/your-overtime/api/v2/api/workday.go:41.2,42.16 2 0
github.com/your-overtime/api/v2/api/workday.go:42.16,45.3 2 0
github.com/your-overtime/api/v2/api/workday.go:45.8,47.3 1 0
github.com/your-overtime/api/v2/api/workday.go:60.45,62.16 2 0
github.com/your-overtime/api/v2/api/workday.go:62.16,66.3 3 0
github.com/your-overtime/api/v2/api/workday.go:67.2,69.16 3 0
github.com/your-overtime/api/v2/api/workday.go:69.16,73.3 3 0
github.com/your-overtime/api/v2/api/workday.go:74.2,84.16 4 0
github.com/your-overtime/api/v2/api/workday.go:84.16,87.3 2 0
github.com/your-overtime/api/v2/api/workday.go:87.8,89.3 1 0
github.com/your-overtime/api/v2/docs/docs.go:1236.13,1238.2 1 0
github.com/your-overtime/api/v2/internal/data/activity.go:13.48,14.29 1 1
github.com/your-overtime/api/v2/internal/data/activity.go:14.29,16.3 1 1
github.com/your-overtime/api/v2/internal/data/activity.go:17.2,17.44 1 1
github.com/your-overtime/api/v2/internal/data/activity.go:17.44,19.3 1 0
github.com/your-overtime/api/v2/internal/data/activity.go:20.2,21.17 2 1
github.com/your-overtime/api/v2/internal/data/activity.go:24.72,27.21 3 1
github.com/your-overtime/api/v2/internal/data/activity.go:27.21,28.50 1 1
github.com/your-overtime/api/v2/internal/data/activity.go:28.50,30.4 1 1
github.com/your-overtime/api/v2/internal/data/activity.go:31.3,31.23 1 0
github.com/your-overtime/api/v2/internal/data/activity.go:33.2,33.16 1 1
github.com/your-overtime/api/v2/internal/data/activity.go:36.69,39.44 3 1
github.com/your-overtime/api/v2/internal/data/activity.go:39.44,41.3 1 0
github.com/your-overtime/api/v2/internal/data/activity.go:42.2,42.16 1 1
github.com/your-overtime/api/v2/internal/data/activity.go:45.113,55.50 3 1
github.com/your-overtime/api/v2/internal/data/activity.go:55.50,57.3 1 0
github.com/your-overtime/api/v2/internal/data/activity.go:59.2,59.24 1 1
github.com/your-overtime/api/v2/internal/data/activity.go:62.46,64.55 2 1
github.com/your-overtime/api/v2/internal/data/activity.go:64.55,66.3 1 0
github.com/your-overtime/api/v2/internal/data/activity.go:67.2,67.31 1 1
github.com/your-overtime/api/v2/internal/data/activity.go:67.31,68.53 1 0
github.com/your-overtime/api/v2/internal/data/activity.go:68.53,72.48 4 0
github.com/your-overtime/api/v2/internal/data/activity.go:72.48,74.5 1 0
github.com/your-overtime/api/v2/internal/data/activity.go:77.2,77.12 1 1
github.com/your-overtime/api/v2/internal/data/db.go:23.74,25.18 2 0
github.com/your-overtime/api/v2/internal/data/db.go:25.18,27.3 1 0
github.com/your-overtime/api/v2/internal/data/db.go:29.2,37.43 2 0
github.com/your-overtime/api/v2/internal/data/db.go:40.63,43.16 3 1
github.com/your-overtime/api/v2/internal/data/db.go:43.16,46.3 2 0
github.com/your-overtime/api/v2/internal/data/db.go:47.2,59.17 9 1
github.com/your-overtime/api/v2/internal/data/db.go:62.33,63.44 1 1
github.com/your-overtime/api/v2/internal/data/db.go:63.44,65.3 1 1
github.com/your-overtime/api/v2/internal/data/db.go:66.2,66.12 1 1
github.com/your-overtime/api/v2/internal/data/holiday.go:11.46,14.2 2 1
github.com/your-overtime/api/v2/internal/data/holiday.go:16.54,19.44 3 1
github.com/your-overtime/api/v2/internal/data/holiday.go:19.44,22.3 2 0
github.com/your-overtime/api/v2/internal/data/holiday.go:23.2,23.16 1 1
github.com/your-overtime/api/v2/internal/data/holiday.go:26.110,29.50 3 1
github.com/your-overtime/api/v2/internal/data/holiday.go:29.50,31.3 1 0
github.com/your-overtime/api/v2/internal/data/holiday.go:33.2,33.22 1 1
github.com/your-overtime/api/v2/internal/data/holiday.go:36.139,39.50 3 1
github.com/your-overtime/api/v2/internal/data/holiday.go:39.50,41.3 1 0
github.com/your-overtime/api/v2/internal/data/holiday.go:43.2,43.22 1 1
github.com/your-overtime/api/v2/internal/data/models.go:21.34,23.2 1 1
github.com/your-overtime/api/v2/internal/data/models.go:30.35,32.2 1 1
github.com/your-overtime/api/v2/internal/data/models.go:39.38,41.2 1 1
github.com/your-overtime/api/v2/internal/data/models.go:48.37,50.2 1 1
github.com/your-overtime/api/v2/internal/data/models.go:57.37,59.2 1 1
github.com/your-overtime/api/v2/internal/data/models.go:66.37,68.2 1 1
github.com/your-overtime/api/v2/internal/data/user.go:13.43,14.74 1 1
github.com/your-overtime/api/v2/internal/data/user.go:14.74,16.17 2 1
github.com/your-overtime/api/v2/internal/data/user.go:16.17,19.4 2 0
github.com/your-overtime/api/v2/internal/data/user.go:20.3,20.31 1 1
github.com/your-overtime/api/v2/internal/data/user.go:22.2,23.18 2 1
github.com/your-overtime/api/v2/internal/data/user.go:23.18,25.3 1 1
github.com/your-overtime/api/v2/internal/data/user.go:25.8,27.3 1 0
github.com/your-overtime/api/v2/internal/data/user.go:29.2,29.21 1 1
github.com/your-overtime/api/v2/internal/data/user.go:29.21,32.3 2 0
github.com/your-overtime/api/v2/internal/data/user.go:34.2,34.12 1 1
github.com/your-overtime/api/v2/internal/data/user.go:37.48,40.44 3 1
github.com/your-overtime/api/v2/internal/data/user.go:40.44,43.3 2 0
github.com/your-overtime/api/v2/internal/data/user.go:45.2,45.16 1 1
github.com/your-overtime/api/v2/internal/data/user.go:48.53,51.21 3 1
github.com/your-overtime/api/v2/internal/data/user.go:51.21,54.3 2 0
github.com/your-overtime/api/v2/internal/data/user.go:56.2,56.16 1 1
github.com/your-overtime/api/v2/internal/data/user.go:59.62,62.44 3 0
github.com/your-overtime/api/v2/internal/data/user.go:62.44,65.3 2 0
github.com/your-overtime/api/v2/internal/data/user.go:67.2,67.16 1 0
github.com/your-overtime/api/v2/internal/data/user.go:70.46,72.21 2 0
github.com/your-overtime/api/v2/internal/data/user.go:72.21,74.3 1 0
github.com/your-overtime/api/v2/internal/data/user.go:75.2,75.12 1 0
github.com/your-overtime/api/v2/internal/data/user.go:78.60,81.44 3 1
github.com/your-overtime/api/v2/internal/data/user.go:81.44,84.3 2 0
github.com/your-overtime/api/v2/internal/data/user.go:85.2,87.44 3 1
github.com/your-overtime/api/v2/internal/data/user.go:87.44,90.3 2 0
github.com/your-overtime/api/v2/internal/data/user.go:91.2,91.16 1 1
github.com/your-overtime/api/v2/internal/data/user.go:94.60,97.44 3 1
github.com/your-overtime/api/v2/internal/data/user.go:97.44,100.3 2 0
github.com/your-overtime/api/v2/internal/data/user.go:102.2,102.14 1 1
github.com/your-overtime/api/v2/internal/data/user.go:102.14,104.3 1 0
github.com/your-overtime/api/v2/internal/data/user.go:106.2,106.15 1 1
github.com/your-overtime/api/v2/internal/data/webhook.go:3.65,6.16 2 0
github.com/your-overtime/api/v2/internal/data/webhook.go:6.16,8.3 1 0
github.com/your-overtime/api/v2/internal/data/webhook.go:9.2,9.22 1 0
github.com/your-overtime/api/v2/internal/data/webhook.go:12.68,15.16 3 0
github.com/your-overtime/api/v2/internal/data/webhook.go:15.16,17.3 1 0
github.com/your-overtime/api/v2/internal/data/webhook.go:18.2,18.19 1 0
github.com/your-overtime/api/v2/internal/data/workday.go:11.73,15.44 3 1
github.com/your-overtime/api/v2/internal/data/workday.go:15.44,18.3 2 1
github.com/your-overtime/api/v2/internal/data/workday.go:20.2,20.16 1 1
github.com/your-overtime/api/v2/internal/data/workday.go:23.46,25.21 2 0
github.com/your-overtime/api/v2/internal/data/workday.go:25.21,27.3 1 0
github.com/your-overtime/api/v2/internal/data/workday.go:28.2,28.12 1 0
github.com/your-overtime/api/v2/internal/data/workday.go:31.62,34.2 2 1
github.com/your-overtime/api/v2/internal/data/workday.go:36.110,40.50 3 1
github.com/your-overtime/api/v2/internal/data/workday.go:40.50,42.3 1 0
github.com/your-overtime/api/v2/internal/data/workday.go:44.2,44.16 1 1
github.com/your-overtime/api/v2/internal/service/activity.go:13.105,15.16 2 1
github.com/your-overtime/api/v2/internal/service/activity.go:15.16,18.3 2 0
github.com/your-overtime/api/v2/internal/service/activity.go:19.2,20.31 2 1
github.com/your-overtime/api/v2/internal/service/activity.go:20.31,22.19 1 1
github.com/your-overtime/api/v2/internal/service/activity.go:22.19,26.4 2 1
github.com/your-overtime/api/v2/internal/service/activity.go:26.9,28.4 1 1
github.com/your-overtime/api/v2/internal/service/activity.go:31.2,31.35 1 1
github.com/your-overtime/api/v2/internal/service/activity.go:34.40,35.12 1 1
github.com/your-overtime/api/v2/internal/service/activity.go:36.20,37.11 1 1
github.com/your-overtime/api/v2/internal/service/activity.go:38.22,39.11 1 1
github.com/your-overtime/api/v2/internal/service/activity.go:40.21,41.11 1 1
github.com/your-overtime/api/v2/internal/service/activity.go:42.19,43.11 1 1
github.com/your-overtime/api/v2/internal/service/activity.go:44.21,45.11 1 1
github.com/your-overtime/api/v2/internal/service/activity.go:46.19,47.11 1 1
github.com/your-overtime/api/v2/internal/service/activity.go:48.10,49.11 1 1
github.com/your-overtime/api/v2/internal/service/activity.go:53.69,55.2 1 1
github.com/your-overtime/api/v2/internal/service/activity.go:57.92,58.16 1 1
github.com/your-overtime/api/v2/internal/service/activity.go:58.16,60.3 1 0
github.com/your-overtime/api/v2/internal/service/activity.go:62.2,62.20 1 1
github.com/your-overtime/api/v2/internal/service/activity.go:62.20,64.3 1 1
github.com/your-overtime/api/v2/internal/service/activity.go:65.2,78.16 4 1
github.com/your-overtime/api/v2/internal/service/activity.go:78.16,80.3 1 0
github.com/your-overtime/api/v2/internal/service/activity.go:82.2,82.15 1 1
github.com/your-overtime/api/v2/internal/service/activity.go:82.15,83.52 1 0
github.com/your-overtime/api/v2/internal/service/activity.go:83.52,85.4 1 0
github.com/your-overtime/api/v2/internal/service/activity.go:87.2,89.28 2 1
github.com/your-overtime/api/v2/internal/service/activity.go:92.70,93.16 1 1
github.com/your-overtime/api/v2/internal/service/activity.go:93.16,95.3 1 0
github.com/your-overtime/api/v2/internal/service/activity.go:97.2,97.18 1 1
github.com/your-overtime/api/v2/internal/service/activity.go:97.18,99.3 1 0
github.com/your-overtime/api/v2/internal/service/activity.go:99.8,101.3 1 1
github.com/your-overtime/api/v2/internal/service/activity.go:102.2,106.16 3 1
github.com/your-overtime/api/v2/internal/service/activity.go:106.16,108.3 1 1
github.com/your-overtime/api/v2/internal/service/activity.go:110.2,110.27 1 1
github.com/your-overtime/api/v2/internal/service/activity.go:113.64,115.2 1 0
github.com/your-overtime/api/v2/internal/service/activity.go:117.85,118.16 1 1
github.com/your-overtime/api/v2/internal/service/activity.go:118.16,120.3 1 0
github.com/your-overtime/api/v2/internal/service/activity.go:121.2,121.16 1 1
github.com/your-overtime/api/v2/internal/service/activity.go:121.16,123.3 1 0
github.com/your-overtime/api/v2/internal/service/activity.go:124.2,125.16 2 1
github.com/your-overtime/api/v2/internal/service/activity.go:125.16,127.3 1 0
github.com/your-overtime/api/v2/internal/service/activity.go:128.2,131.16 4 1
github.com/your-overtime/api/v2/internal/service/activity.go:131.16,133.3 1 0
github.com/your-overtime/api/v2/internal/service/activity.go:134.2,134.25 1 1
github.com/your-overtime/api/v2/internal/service/activity.go:137.63,139.43 2 1
github.com/your-overtime/api/v2/internal/service/activity.go:139.43,142.3 2 1
github.com/your-overtime/api/v2/internal/service/activity.go:144.2,144.39 1 0
github.com/your-overtime/api/v2/internal/service/activity.go:144.39,146.3 1 0
github.com/your-overtime/api/v2/internal/service/activity.go:148.2,148.25 1 0
github.com/your-overtime/api/v2/internal/service/activity.go:151.89,153.16 2 0
github.com/your-overtime/api/v2/internal/service/activity.go:153.16,155.3 1 0
github.com/your-overtime/api/v2/internal/service/activity.go:157.2,158.31 2 0
github.com/your-overtime/api/v2/internal/service/activity.go:158.31,160.3 1 0
github.com/your-overtime/api/v2/internal/service/activity.go:162.2,162.16 1 0
github.com/your-overtime/api/v2/internal/service/activity.go:165.73,166.16 1 1
github.com/your-overtime/api/v2/internal/service/activity.go:166.16,168.3 1 0
github.com/your-overtime/api/v2/internal/service/activity.go:169.2,170.43 2 1
github.com/your-overtime/api/v2/internal/service/activity.go:170.43,173.3 2 0
github.com/your-overtime/api/v2/internal/service/activity.go:175.2,176.18 2 1
github.com/your-overtime/api/v2/internal/service/activity.go:176.18,178.3 1 1
github.com/your-overtime/api/v2/internal/service/activity.go:179.2,179.47 1 1
github.com/your-overtime/api/v2/internal/service/activity.go:179.47,181.3 1 1
github.com/your-overtime/api/v2/internal/service/activity.go:184.2,185.101 2 1
github.com/your-overtime/api/v2/internal/service/activity.go:185.101,187.17 2 1
github.com/your-overtime/api/v2/internal/service/activity.go:187.17,189.4 1 0
github.com/your-overtime/api/v2/internal/service/activity.go:191.2,191.27 1 1
github.com/your-overtime/api/v2/internal/service/activity.go:194.46,195.16 1 1
github.com/your-overtime/api/v2/internal/service/activity.go:195.16,197.3 1 0
github.com/your-overtime/api/v2/internal/service/activity.go:198.2,199.43 2 1
github.com/your-overtime/api/v2/internal/service/activity.go:199.43,202.3 2 0
github.com/your-overtime/api/v2/internal/service/activity.go:203.2,203.34 1 1
github.com/your-overtime/api/v2/internal/service/activity.go:206.54,207.18 1 1
github.com/your-overtime/api/v2/internal/service/activity.go:207.18,212.3 4 1
github.com/your-overtime/api/v2/internal/service/daily-worktime.go:12.66,13.66 1 1
github.com/your-overtime/api/v2/internal/service/daily-worktime.go:13.66,15.3 1 1
github.com/your-overtime/api/v2/internal/service/daily-worktime.go:17.2,17.15 1 1
github.com/your-overtime/api/v2/internal/service/daily-worktime.go:24.67,29.16 4 1
github.com/your-overtime/api/v2/internal/service/daily-worktime.go:29.16,32.3 2 0
github.com/your-overtime/api/v2/internal/service/daily-worktime.go:33.2,34.25 2 1
github.com/your-overtime/api/v2/internal/service/daily-worktime.go:34.25,35.59 1 1
github.com/your-overtime/api/v2/internal/service/daily-worktime.go:35.59,37.4 1 1
github.com/your-overtime/api/v2/internal/service/daily-worktime.go:41.2,41.35 1 1
github.com/your-overtime/api/v2/internal/service/daily-worktime.go:41.35,43.3 1 1
github.com/your-overtime/api/v2/internal/service/daily-worktime.go:45.2,46.16 2 1
github.com/your-overtime/api/v2/internal/service/daily-worktime.go:46.16,49.3 2 0
github.com/your-overtime/api/v2/internal/service/daily-worktime.go:51.2,52.115 1 1
github.com/your-overtime/api/v2/internal/service/daily-worktime.go:52.115,54.3 1 1
github.com/your-overtime/api/v2/internal/service/daily-worktime.go:56.2,56.34 1 1
github.com/your-overtime/api/v2/internal/service/daily-worktime.go:61.66,62.42 1 1
github.com/your-overtime/api/v2/internal/service/daily-worktime.go:62.42,64.3 1 1
github.com/your-overtime/api/v2/internal/service/daily-worktime.go:66.2,66.34 1 1
github.com/your-overtime/api/v2/internal/service/holiday.go:13.101,16.16 3 1
github.com/your-overtime/api/v2/internal/service/holiday.go:16.16,18.3 1 0
github.com/your-overtime/api/v2/internal/service/holiday.go:20.2,20.23 1 1
github.com/your-overtime/api/v2/internal/service/holiday.go:20.23,26.3 4 1
github.com/your-overtime/api/v2/internal/service/holiday.go:28.2,28.25 1 1
github.com/your-overtime/api/v2/internal/service/holiday.go:31.111,34.16 3 1
github.com/your-overtime/api/v2/internal/service/holiday.go:34.16,37.3 2 0
github.com/your-overtime/api/v2/internal/service/holiday.go:38.2,39.29 2 1
github.com/your-overtime/api/v2/internal/service/holiday.go:39.29,41.37 2 1
github.com/your-overtime/api/v2/internal/service/holiday.go:41.37,43.4 1 1
github.com/your-overtime/api/v2/internal/service/holiday.go:45.3,45.7 1 1
github.com/your-overtime/api/v2/internal/service/holiday.go:45.7,46.60 1 1
github.com/your-overtime/api/v2/internal/service/holiday.go:46.60,47.10 1 1
github.com/your-overtime/api/v2/internal/service/holiday.go:49.4,50.45 2 1
github.com/your-overtime/api/v2/internal/service/holiday.go:50.45,54.5 2 0
github.com/your-overtime/api/v2/internal/service/holiday.go:54.10,56.5 1 1
github.com/your-overtime/api/v2/internal/service/holiday.go:57.4,58.28 2 1
github.com/your-overtime/api/v2/internal/service/holiday.go:61.2,61.40 1 1
github.com/your-overtime/api/v2/internal/service/holiday.go:64.67,65.16 1 1
github.com/your-overtime/api/v2/internal/service/holiday.go:65.16,67.3 1 0
github.com/your-overtime/api/v2/internal/service/holiday.go:69.2,71.16 3 1
github.com/your-overtime/api/v2/internal/service/holiday.go:71.16,74.3 2 0
github.com/your-overtime/api/v2/internal/service/holiday.go:75.2,77.16 2 1
github.com/your-overtime/api/v2/internal/service/holiday.go:80.61,82.43 2 0
github.com/your-overtime/api/v2/internal/service/holiday.go:82.43,85.3 2 0
github.com/your-overtime/api/v2/internal/service/holiday.go:87.2,87.27 1 0
github.com/your-overtime/api/v2/internal/service/holiday.go:87.27,89.3 1 0
github.com/your-overtime/api/v2/internal/service/holiday.go:91.2,91.24 1 0
github.com/your-overtime/api/v2/internal/service/holiday.go:94.77,97.2 1 0
github.com/your-overtime/api/v2/internal/service/holiday.go:99.86,101.16 2 0
github.com/your-overtime/api/v2/internal/service/holiday.go:101.16,104.3 2 0
github.com/your-overtime/api/v2/internal/service/holiday.go:106.2,106.43 1 0
github.com/your-overtime/api/v2/internal/service/holiday.go:109.115,111.16 2 0
github.com/your-overtime/api/v2/internal/service/holiday.go:111.16,114.3 2 0
github.com/your-overtime/api/v2/internal/service/holiday.go:116.2,116.43 1 0
github.com/your-overtime/api/v2/internal/service/holiday.go:119.45,120.16 1 0
github.com/your-overtime/api/v2/internal/service/holiday.go:120.16,122.3 1 0
github.com/your-overtime/api/v2/internal/service/holiday.go:123.2,124.43 2 0
github.com/your-overtime/api/v2/internal/service/holiday.go:124.43,127.3 2 0
github.com/your-overtime/api/v2/internal/service/holiday.go:128.2,129.17 2 0
github.com/your-overtime/api/v2/internal/service/holiday.go:132.67,134.22 2 0
github.com/your-overtime/api/v2/internal/service/holiday.go:134.22,136.3 1 0
github.com/your-overtime/api/v2/internal/service/holiday.go:138.2,138.11 1 0
github.com/your-overtime/api/v2/internal/service/overtime.go:23.37,28.2 1 1
github.com/your-overtime/api/v2/internal/service/overtime.go:30.86,31.49 1 1
github.com/your-overtime/api/v2/internal/service/overtime.go:31.49,33.3 1 0
github.com/your-overtime/api/v2/internal/service/overtime.go:35.2,42.22 3 1
github.com/your-overtime/api/v2/internal/service/overtime.go:45.94,51.2 1 0
github.com/your-overtime/api/v2/internal/service/overtime.go:53.99,59.6 5 1
github.com/your-overtime/api/v2/internal/service/overtime.go:59.6,60.30 1 1
github.com/your-overtime/api/v2/internal/service/overtime.go:60.30,61.9 1 1
github.com/your-overtime/api/v2/internal/service/overtime.go:63.3,65.29 3 1
github.com/your-overtime/api/v2/internal/service/overtime.go:65.29,67.4 1 1
github.com/your-overtime/api/v2/internal/service/overtime.go:68.3,69.16 2 1
github.com/your-overtime/api/v2/internal/service/overtime.go:69.16,71.18 2 1
github.com/your-overtime/api/v2/internal/service/overtime.go:71.18,73.5 1 1
github.com/your-overtime/api/v2/internal/service/overtime.go:74.4,74.31 1 1
github.com/your-overtime/api/v2/internal/service/overtime.go:74.31,78.13 4 1
github.com/your-overtime/api/v2/internal/service/overtime.go:82.3,83.17 2 1
github.com/your-overtime/api/v2/internal/service/overtime.go:83.17,86.4 2 0
github.com/your-overtime/api/v2/internal/service/overtime.go:88.3,89.17 2 1
github.com/your-overtime/api/v2/internal/service/overtime.go:89.17,92.4 2 0
github.com/your-overtime/api/v2/internal/service/overtime.go:94.3,95.17 2 1
github.com/your-overtime/api/v2/internal/service/overtime.go:95.17,98.4 2 0
github.com/your-overtime/api/v2/internal/service/overtime.go:99.3,100.54 2 1
github.com/your-overtime/api/v2/internal/service/overtime.go:100.54,102.4 1 0
github.com/your-overtime/api/v2/internal/service/overtime.go:103.3,103.16 1 1
github.com/your-overtime/api/v2/internal/service/overtime.go:103.16,116.18 2 1
github.com/your-overtime/api/v2/internal/service/overtime.go:116.18,118.5 1 0
github.com/your-overtime/api/v2/internal/service/overtime.go:120.3,122.27 3 1
github.com/your-overtime/api/v2/internal/service/overtime.go:125.2,125.52 1 1
github.com/your-overtime/api/v2/internal/service/overtime.go:128.70,135.16 6 1
github.com/your-overtime/api/v2/internal/service/overtime.go:135.16,137.3 1 0
github.com/your-overtime/api/v2/internal/service/overtime.go:139.2,140.16 2 1
github.com/your-overtime/api/v2/internal/service/overtime.go:140.16,142.3 1 0
github.com/your-overtime/api/v2/internal/service/overtime.go:145.2,147.16 3 1
github.com/your-overtime/api/v2/internal/service/overtime.go:147.16,149.3 1 0
github.com/your-overtime/api/v2/internal/service/overtime.go:151.2,153.16 3 1
github.com/your-overtime/api/v2/internal/service/overtime.go:153.16,155.3 1 0
github.com/your-overtime/api/v2/internal/service/overtime.go:157.2,159.16 3 1
github.com/your-overtime/api/v2/internal/service/overtime.go:159.16,161.3 1 0
github.com/your-overtime/api/v2/internal/service/overtime.go:163.2,179.16 4 1
github.com/your-overtime/api/v2/internal/service/overtime.go:179.16,181.3 1 1
github.com/your-overtime/api/v2/internal/service/overtime.go:183.2,183.15 1 1
github.com/your-overtime/api/v2/internal/service/user.go:15.40,19.2 1 0
github.com/your-overtime/api/v2/internal/service/user.go:21.58,24.16 3 0
github.com/your-overtime/api/v2/internal/service/user.go:24.16,26.3 1 0
github.com/your-overtime/api/v2/internal/service/user.go:27.2,27.25 1 0
github.com/your-overtime/api/v2/internal/service/user.go:30.66,34.16 3 0
github.com/your-overtime/api/v2/internal/service/user.go:34.16,36.3 1 0
github.com/your-overtime/api/v2/internal/service/user.go:38.2,38.23 1 0
github.com/your-overtime/api/v2/internal/service/user.go:41.61,45.16 4 0
github.com/your-overtime/api/v2/internal/service/user.go:45.16,48.3 2 0
github.com/your-overtime/api/v2/internal/service/user.go:50.2,50.13 1 0
github.com/your-overtime/api/v2/internal/service/user.go:53.79,55.43 2 0
github.com/your-overtime/api/v2/internal/service/user.go:55.43,58.3 2 0
github.com/your-overtime/api/v2/internal/service/user.go:60.2,60.44 1 0
github.com/your-overtime/api/v2/internal/service/user.go:60.44,62.3 1 0
github.com/your-overtime/api/v2/internal/service/user.go:64.2,64.39 1 0
github.com/your-overtime/api/v2/internal/service/user.go:67.81,72.18 2 0
github.com/your-overtime/api/v2/internal/service/user.go:72.18,74.44 2 0
github.com/your-overtime/api/v2/internal/service/user.go:74.44,77.4 2 0
github.com/your-overtime/api/v2/internal/service/user.go:78.3,78.16 1 0
github.com/your-overtime/api/v2/internal/service/user.go:79.8,83.3 1 0
github.com/your-overtime/api/v2/internal/service/user.go:85.2,86.16 2 0
github.com/your-overtime/api/v2/internal/service/user.go:86.16,89.3 2 0
github.com/your-overtime/api/v2/internal/service/user.go:90.2,90.21 1 0
github.com/your-overtime/api/v2/internal/service/user.go:93.98,94.16 1 0
github.com/your-overtime/api/v2/internal/service/user.go:94.16,96.3 1 0
github.com/your-overtime/api/v2/internal/service/user.go:97.2,97.24 1 0
github.com/your-overtime/api/v2/internal/service/user.go:97.24,98.12 1 0
github.com/your-overtime/api/v2/internal/service/user.go:99.15,100.34 1 0
github.com/your-overtime/api/v2/internal/service/user.go:101.18,102.37 1 0
github.com/your-overtime/api/v2/internal/service/user.go:103.19,104.38 1 0
github.com/your-overtime/api/v2/internal/service/user.go:105.16,106.35 1 0
github.com/your-overtime/api/v2/internal/service/user.go:107.35,108.64 1 0
github.com/your-overtime/api/v2/internal/service/user.go:109.25,110.54 1 0
github.com/your-overtime/api/v2/internal/service/user.go:111.22,112.51 1 0
github.com/your-overtime/api/v2/internal/service/user.go:113.11,114.33 1 0
github.com/your-overtime/api/v2/internal/service/user.go:117.2,118.16 2 0
github.com/your-overtime/api/v2/internal/service/user.go:118.16,119.45 1 0
github.com/your-overtime/api/v2/internal/service/user.go:119.45,121.4 1 0
github.com/your-overtime/api/v2/internal/service/user.go:122.3,122.18 1 0
github.com/your-overtime/api/v2/internal/service/user.go:126.2,128.17 2 0
github.com/your-overtime/api/v2/internal/service/user.go:131.69,134.2 2 0
github.com/your-overtime/api/v2/internal/service/user.go:136.52,138.16 2 0
github.com/your-overtime/api/v2/internal/service/user.go:138.16,141.3 2 0
github.com/your-overtime/api/v2/internal/service/user.go:142.2,143.16 2 0
github.com/your-overtime/api/v2/internal/service/user.go:143.16,146.3 2 0
github.com/your-overtime/api/v2/internal/service/user.go:147.2,148.33 2 0
github.com/your-overtime/api/v2/internal/service/user.go:148.33,150.3 1 0
github.com/your-overtime/api/v2/internal/service/user.go:151.2,151.16 1 0
github.com/your-overtime/api/v2/internal/service/user.go:154.70,155.16 1 0
github.com/your-overtime/api/v2/internal/service/user.go:155.16,157.3 1 0
github.com/your-overtime/api/v2/internal/service/user.go:159.2,170.21 5 0
github.com/your-overtime/api/v2/internal/service/user.go:170.21,173.3 2 0
github.com/your-overtime/api/v2/internal/service/user.go:175.2,178.24 3 0
github.com/your-overtime/api/v2/internal/service/user.go:181.51,182.16 1 0
github.com/your-overtime/api/v2/internal/service/user.go:182.16,184.3 1 0
github.com/your-overtime/api/v2/internal/service/user.go:185.2,187.49 3 0
github.com/your-overtime/api/v2/internal/service/user.go:187.49,190.3 2 0
github.com/your-overtime/api/v2/internal/service/user.go:191.2,191.27 1 0
github.com/your-overtime/api/v2/internal/service/user.go:191.27,195.3 3 0
github.com/your-overtime/api/v2/internal/service/user.go:196.2,196.32 1 0
github.com/your-overtime/api/v2/internal/service/user.go:199.51,201.2 1 0
github.com/your-overtime/api/v2/internal/service/webhook.go:15.81,16.16 1 0
github.com/your-overtime/api/v2/internal/service/webhook.go:16.16,18.3 1 0
github.com/your-overtime/api/v2/internal/service/webhook.go:19.2,20.16 2 0
github.com/your-overtime/api/v2/internal/service/webhook.go:20.16,22.3 1 0
github.com/your-overtime/api/v2/internal/service/webhook.go:24.2,30.16 3 0
github.com/your-overtime/api/v2/internal/service/webhook.go:30.16,32.3 1 0
github.com/your-overtime/api/v2/internal/service/webhook.go:34.2,34.29 1 0
github.com/your-overtime/api/v2/internal/service/webhook.go:37.56,39.16 2 0
github.com/your-overtime/api/v2/internal/service/webhook.go:39.16,41.3 1 0
github.com/your-overtime/api/v2/internal/service/webhook.go:43.2,43.46 1 0
github.com/your-overtime/api/v2/internal/service/webhook.go:48.54,51.17 2 1
github.com/your-overtime/api/v2/internal/service/webhook.go:51.17,53.3 1 0
github.com/your-overtime/api/v2/internal/service/webhook.go:56.52,60.17 3 1
github.com/your-overtime/api/v2/internal/service/webhook.go:60.17,62.3 1 0
github.com/your-overtime/api/v2/internal/service/webhook.go:63.2,63.17 1 1
github.com/your-overtime/api/v2/internal/service/webhook.go:63.17,65.3 1 0
github.com/your-overtime/api/v2/internal/service/webhook.go:68.121,70.16 2 1
github.com/your-overtime/api/v2/internal/service/webhook.go:70.16,72.3 1 0
github.com/your-overtime/api/v2/internal/service/webhook.go:73.2,75.29 3 1
github.com/your-overtime/api/v2/internal/service/webhook.go:75.29,76.20 1 0
github.com/your-overtime/api/v2/internal/service/webhook.go:76.20,78.4 1 0
github.com/your-overtime/api/v2/internal/service/webhook.go:78.9,80.18 2 0
github.com/your-overtime/api/v2/internal/service/webhook.go:80.18,83.5 1 0
github.com/your-overtime/api/v2/internal/service/webhook.go:83.10,85.5 1 0
github.com/your-overtime/api/v2/internal/service/webhook.go:88.2,88.28 1 1
github.com/your-overtime/api/v2/internal/service/webhook.go:88.28,90.3 1 1
github.com/your-overtime/api/v2/internal/service/webhook.go:91.2,91.36 1 1
github.com/your-overtime/api/v2/internal/service/webhook.go:94.118,99.16 2 0
github.com/your-overtime/api/v2/internal/service/webhook.go:99.16,101.3 1 0
github.com/your-overtime/api/v2/internal/service/webhook.go:102.2,103.16 2 0
github.com/your-overtime/api/v2/internal/service/webhook.go:103.16,105.3 1 0
github.com/your-overtime/api/v2/internal/service/webhook.go:106.2,107.58 2 0
github.com/your-overtime/api/v2/internal/service/webhook.go:107.58,109.3 1 0
github.com/your-overtime/api/v2/internal/service/webhook.go:110.2,111.16 2 0
github.com/your-overtime/api/v2/internal/service/webhook.go:111.16,113.3 1 0
github.com/your-overtime/api/v2/internal/service/webhook.go:114.2,114.28 1 0
github.com/your-overtime/api/v2/internal/service/webhook.go:114.28,117.3 2 0
github.com/your-overtime/api/v2/internal/service/webhook.go:118.2,118.28 1 0
github.com/your-overtime/api/v2/internal/service/webhook.go:118.28,120.3 1 0
github.com/your-overtime/api/v2/internal/service/webhook.go:121.2,122.63 2 0
github.com/your-overtime/api/v2/internal/service/webhook.go:122.63,124.3 1 0
github.com/your-overtime/api/v2/internal/service/webhook.go:126.2,126.12 1 0
github.com/your-overtime/api/v2/internal/service/webhook.go:129.65,131.20 2 0
github.com/your-overtime/api/v2/internal/service/webhook.go:131.20,133.3 1 0
github.com/your-overtime/api/v2/internal/service/webhook.go:135.2,135.12 1 0
github.com/your-overtime/api/v2/internal/service/workday.go:11.86,13.16 2 0
github.com/your-overtime/api/v2/internal/service/workday.go:13.16,16.3 2 0
github.com/your-overtime/api/v2/internal/service/workday.go:18.2,19.23 2 0
github.com/your-overtime/api/v2/internal/service/workday.go:19.23,21.3 1 0
github.com/your-overtime/api/v2/internal/service/workday.go:23.2,23.17 1 0
github.com/your-overtime/api/v2/internal/service/workday.go:26.67,27.16 1 0
github.com/your-overtime/api/v2/internal/service/workday.go:27.16,29.3 1 0
github.com/your-overtime/api/v2/internal/service/workday.go:30.2,31.16 2 0
github.com/your-overtime/api/v2/internal/service/workday.go:31.16,34.3 2 0
github.com/your-overtime/api/v2/internal/service/workday.go:35.2,35.16 1 0
github.com/your-overtime/api/v2/tests/helper.go:13.37,16.16 2 0
github.com/your-overtime/api/v2/tests/helper.go:16.16,18.3 1 0
github.com/your-overtime/api/v2/tests/helper.go:19.2,19.11 1 0
github.com/your-overtime/api/v2/tests/helper.go:22.74,24.17 2 0
github.com/your-overtime/api/v2/tests/helper.go:24.17,26.3 1 0
github.com/your-overtime/api/v2/tests/helper.go:27.2,28.17 2 0
github.com/your-overtime/api/v2/tests/helper.go:28.17,30.3 1 0
github.com/your-overtime/api/v2/tests/helper.go:32.2,32.36 1 0
github.com/your-overtime/api/v2/tests/helper.go:35.37,38.16 2 0
github.com/your-overtime/api/v2/tests/helper.go:38.16,39.13 1 0
github.com/your-overtime/api/v2/tests/helper.go:41.2,41.13 1 0
github.com/your-overtime/api/v2/tests/helper.go:44.41,46.16 2 0
github.com/your-overtime/api/v2/tests/helper.go:46.16,47.13 1 0
github.com/your-overtime/api/v2/tests/helper.go:49.2,49.16 1 0
